// Jest Snapshot v1, https://goo.gl/fbAQLP

exports[`Location Field Snapshot renders location field correctly 1`] = `
<div
  className="MuiBox-root css-0"
>
  <div
    className="MuiFormControl-root MuiTextField-root css-ozplz9-MuiFormControl-root-MuiTextField-root"
    data-testid="textfield-loc"
  >
    <div
      className="MuiInput-root MuiInput-underline MuiInputBase-root MuiInputBase-colorPrimary MuiInputBase-formControl MuiInputBase-adornedStart css-1ptx2yq-MuiInputBase-root-MuiInput-root"
      onClick={[Function]}
    >
      <div
        className="MuiInputAdornment-root MuiInputAdornment-positionStart MuiInputAdornment-standard MuiInputAdornment-sizeMedium css-ittuaa-MuiInputAdornment-root"
      >
        <span
          className="notranslate"
        >
          â€‹
        </span>
        <svg
          aria-hidden={true}
          className="MuiSvgIcon-root MuiSvgIcon-fontSizeMedium css-i4bv87-MuiSvgIcon-root"
          color="transparent"
          data-testid="SVGIcon"
          focusable="false"
        >
          locationIconWhite.svg
        </svg>
      </div>
      <input
        aria-invalid={false}
        autoFocus={false}
        className="MuiInput-input MuiInputBase-input MuiInputBase-inputAdornedStart makeStyles-input-2 css-1x51dt5-MuiInputBase-input-MuiInput-input"
        defaultValue="Test Location"
        disabled={false}
        id="input-with-icon-textfield"
        onAnimationStart={[Function]}
        onBlur={[Function]}
        onChange={[Function]}
        onFocus={[Function]}
        required={false}
        type="text"
      />
    </div>
  </div>
</div>
`;
