// Jest Snapshot v1, https://goo.gl/fbAQLP

exports[`Header test renders the app header correctly 1`] = `
<header
  className="MuiPaper-root MuiPaper-elevation MuiPaper-elevation0 MuiAppBar-root MuiAppBar-colorSecondary MuiAppBar-positionFixed mui-fixed css-va8nif-MuiPaper-root-MuiAppBar-root"
>
  <div
    className="MuiContainer-root MuiContainer-maxWidthXl css-9pe1zp-MuiContainer-root"
  >
    <div
      className="MuiGrid-root MuiGrid-container css-1kpcvx6-MuiGrid-root"
    >
      <div
        className="MuiGrid-root MuiGrid-item MuiGrid-grid-xs-3 MuiGrid-grid-lg-3 MuiGrid-grid-xl-3 css-1equabv-MuiGrid-root"
      >
        <img
          alt="Logo"
          data-testid="logo"
          src="logoWhite.png"
        />
      </div>
      <div
        className="MuiGrid-root MuiGrid-item MuiGrid-grid-xs-6 MuiGrid-grid-lg-6 MuiGrid-grid-xl-5 css-1c49gy6-MuiGrid-root"
      >
        <div
          className="MuiBox-root css-0"
        >
          <div
            className="MuiFormControl-root MuiTextField-root css-ozplz9-MuiFormControl-root-MuiTextField-root"
            data-testid="textfield-loc"
          >
            <div
              className="MuiInput-root MuiInput-underline MuiInputBase-root MuiInputBase-colorPrimary MuiInputBase-formControl MuiInputBase-adornedStart css-1ptx2yq-MuiInputBase-root-MuiInput-root"
              onClick={[Function]}
            >
              <div
                className="MuiInputAdornment-root MuiInputAdornment-positionStart MuiInputAdornment-standard MuiInputAdornment-sizeMedium css-ittuaa-MuiInputAdornment-root"
              >
                <span
                  className="notranslate"
                >
                  â€‹
                </span>
                <svg
                  aria-hidden={true}
                  className="MuiSvgIcon-root MuiSvgIcon-fontSizeMedium css-i4bv87-MuiSvgIcon-root"
                  color="transparent"
                  data-testid="SVGIcon"
                  focusable="false"
                >
                  locationIconWhite.svg
                </svg>
              </div>
              <input
                aria-invalid={false}
                autoFocus={false}
                className="MuiInput-input MuiInputBase-input MuiInputBase-inputAdornedStart makeStyles-input-1 css-1x51dt5-MuiInputBase-input-MuiInput-input"
                defaultValue="Hyderabad"
                disabled={false}
                id="input-with-icon-textfield"
                onAnimationStart={[Function]}
                onBlur={[Function]}
                onChange={[Function]}
                onFocus={[Function]}
                required={false}
                type="text"
              />
            </div>
          </div>
        </div>
      </div>
      <div
        className="MuiGrid-root MuiGrid-item MuiGrid-grid-xs-true MuiGrid-grid-lg-true MuiGrid-grid-xl-4 css-q0ct51-MuiGrid-root"
      >
        <div
          className="MuiGrid-root MuiGrid-container MuiGrid-spacing-xs-5 css-i4k12k-MuiGrid-root"
        >
          <div
            className="MuiGrid-root MuiGrid-item css-13i4rnv-MuiGrid-root"
          >
            <img
              alt="Logo"
              data-testid="logo"
              src="message.png"
            />
          </div>
          <div
            className="MuiGrid-root MuiGrid-item css-13i4rnv-MuiGrid-root"
          >
            <img
              alt="Logo"
              data-testid="logo"
              src="notificationIcon.png"
            />
          </div>
          <div
            className="MuiGrid-root MuiGrid-item css-13i4rnv-MuiGrid-root"
          >
            <div
              className="MuiAvatar-root MuiAvatar-circular css-1wlk0hk-MuiAvatar-root"
            >
              <img
                alt="user-profile"
                className="MuiAvatar-img css-1pqm26d-MuiAvatar-img"
                src="user-img.png"
              />
            </div>
          </div>
        </div>
      </div>
    </div>
  </div>
</header>
`;
