// Jest Snapshot v1, https://goo.gl/fbAQLP

exports[`CabCard renders correctly 1`] = `
<div
  className="MuiPaper-root MuiPaper-elevation MuiPaper-rounded MuiPaper-elevation0 css-1320j2h-MuiPaper-root"
>
  <div
    className="MuiGrid-root MuiGrid-container MuiGrid-direction-xs-column css-1vpwcmr-MuiGrid-root"
  >
    <div
      className="MuiGrid-root MuiGrid-item css-wtzyda-MuiGrid-root"
    >
      <p
        className="MuiTypography-root MuiTypography-body1 css-ahj2mt-MuiTypography-root"
      >
        Description
      </p>
    </div>
    <div
      className="MuiGrid-root MuiGrid-item css-63rm72-MuiGrid-root"
    >
      <p
        className="MuiTypography-root MuiTypography-body2 css-e784if-MuiTypography-root"
      >
        Open Text is seeking a talented, personable interaction designer who can assist the User Experience Design team by working with other designers and development teams on a variety of projects. The OpenText User Experience Design group is a distributed multi-disciplinary team of professionals that are responsible for enhancing the UX of the companyâ€™s collective product suites worldwide.
      </p>
    </div>
    <div
      className="MuiGrid-root MuiGrid-item css-wtzyda-MuiGrid-root"
    >
      <p
        className="MuiTypography-root MuiTypography-body1 css-ahj2mt-MuiTypography-root"
      >
        About Company
      </p>
    </div>
    <div
      className="MuiGrid-root MuiGrid-item css-63rm72-MuiGrid-root"
    >
      <p
        className="MuiTypography-root MuiTypography-body2 css-e784if-MuiTypography-root"
      >
        High level of proficiency with leading UX Design software packages, such as Axure, Sketch, InVision, or Experience Design including the core Adobe Creative Suite products.
      </p>
    </div>
    <div
      className="MuiGrid-root MuiGrid-item css-63rm72-MuiGrid-root"
    >
      <p
        className="MuiTypography-root MuiTypography-body2 css-e784if-MuiTypography-root"
      >
        Excellent written and oral communication and presentation skills
        <span>
           
          <button
            className="MuiButton-root MuiButton-text MuiButton-textPrimary MuiButton-sizeLarge MuiButton-textSizeLarge MuiButtonBase-root  css-kpm0tx-MuiButtonBase-root-MuiButton-root"
            disabled={false}
            onBlur={[Function]}
            onContextMenu={[Function]}
            onDragLeave={[Function]}
            onFocus={[Function]}
            onKeyDown={[Function]}
            onKeyUp={[Function]}
            onMouseDown={[Function]}
            onMouseLeave={[Function]}
            onMouseUp={[Function]}
            onTouchEnd={[Function]}
            onTouchMove={[Function]}
            onTouchStart={[Function]}
            tabIndex={0}
            type="submit"
          >
            <p
              className="MuiTypography-root MuiTypography-body1 css-ahj2mt-MuiTypography-root"
            >
              SEE MORE
            </p>
          </button>
           
        </span>
      </p>
    </div>
    <div
      className="MuiGrid-root MuiGrid-item css-vqb5yb-MuiGrid-root"
      data-testid="Button1001"
    >
      <button
        className="MuiButton-root MuiButton-text MuiButton-textPrimary MuiButton-sizeMedium MuiButton-textSizeMedium MuiButtonBase-root css-1hge7y5-MuiButtonBase-root-MuiButton-root"
        disabled={false}
        onBlur={[Function]}
        onContextMenu={[Function]}
        onDragLeave={[Function]}
        onFocus={[Function]}
        onKeyDown={[Function]}
        onKeyUp={[Function]}
        onMouseDown={[Function]}
        onMouseLeave={[Function]}
        onMouseUp={[Function]}
        onTouchEnd={[Function]}
        onTouchMove={[Function]}
        onTouchStart={[Function]}
        tabIndex={0}
        type="button"
      >
        Green Commute Routes
        <span
          className="MuiButton-endIcon MuiButton-iconSizeMedium css-9tj150-MuiButton-endIcon"
        >
          <svg
            aria-hidden={true}
            className="MuiSvgIcon-root MuiSvgIcon-fontSizeMedium css-i4bv87-MuiSvgIcon-root"
            color="#30A193"
            data-testid="ArrowForwardIcon"
            focusable="false"
            viewBox="0 0 24 24"
          >
            <path
              d="m12 4-1.41 1.41L16.17 11H4v2h12.17l-5.58 5.59L12 20l8-8z"
            />
          </svg>
        </span>
      </button>
    </div>
  </div>
</div>
`;
