// Jest Snapshot v1, https://goo.gl/fbAQLP

exports[`CabCard renders correctly 1`] = `
<div>
  <div
    className="MuiGrid-root MuiGrid-container MuiGrid-direction-xs-column css-1h24xol-MuiGrid-root"
  >
    <div
      className="MuiGrid-root MuiGrid-item css-1mezf00-MuiGrid-root"
    >
      <p
        className="MuiTypography-root MuiTypography-body2 css-e784if-MuiTypography-root"
      >
        catch a blue line metro towards Raidurg.
      </p>
    </div>
    <div
      className="MuiGrid-root MuiGrid-item css-13i4rnv-MuiGrid-root"
    >
      <div
        className="MuiGrid-root MuiGrid-container css-1315b3h-MuiGrid-root"
      >
        <div
          className="MuiGrid-root MuiGrid-item css-13i4rnv-MuiGrid-root"
        >
          <span
            className="MuiTypography-root MuiTypography-caption css-1sn4lm3-MuiTypography-root"
          >
            â‚¹ 100
          </span>
        </div>
        <div
          className="MuiGrid-root MuiGrid-item css-1t46eol-MuiGrid-root"
        >
          <img
            alt="Icon"
            data-testid="icon"
            src="eclipse.svg"
          />
        </div>
        <div
          className="MuiGrid-root MuiGrid-item css-13i4rnv-MuiGrid-root"
        >
          <span
            className="MuiTypography-root MuiTypography-caption css-1sn4lm3-MuiTypography-root"
          >
            25 Kms
          </span>
        </div>
        <div
          className="MuiGrid-root MuiGrid-item css-1t46eol-MuiGrid-root"
        >
          <img
            alt="Icon"
            data-testid="icon"
            src="eclipse.svg"
          />
        </div>
        <div
          className="MuiGrid-root MuiGrid-item css-13i4rnv-MuiGrid-root"
        >
          <span
            className="MuiTypography-root MuiTypography-caption css-1sn4lm3-MuiTypography-root"
          >
            1 hr 20 min
          </span>
        </div>
      </div>
    </div>
    <div
      className="MuiGrid-root MuiGrid-item css-13i4rnv-MuiGrid-root"
    >
      <img
        alt="illustration"
        src="mapview.png"
      />
    </div>
    <div
      className="MuiGrid-root MuiGrid-item css-13i4rnv-MuiGrid-root"
      data-testid="Button1002"
    >
      <button
        className="MuiButton-root MuiButton-text MuiButton-textPrimary MuiButton-sizeLarge MuiButton-textSizeLarge MuiButtonBase-root  css-kpm0tx-MuiButtonBase-root-MuiButton-root"
        disabled={false}
        onBlur={[Function]}
        onContextMenu={[Function]}
        onDragLeave={[Function]}
        onFocus={[Function]}
        onKeyDown={[Function]}
        onKeyUp={[Function]}
        onMouseDown={[Function]}
        onMouseLeave={[Function]}
        onMouseUp={[Function]}
        onTouchEnd={[Function]}
        onTouchMove={[Function]}
        onTouchStart={[Function]}
        tabIndex={0}
        type="button"
      >
        <span
          className="MuiTypography-root MuiTypography-captionBold css-37jdci-MuiTypography-root"
        >
          View in Google Maps
        </span>
      </button>
    </div>
  </div>
</div>
`;
