// Jest Snapshot v1, https://goo.gl/fbAQLP

exports[`IllustrationData renders correctly 1`] = `
<div
  data-testid="illustrationData"
>
  <div
    className="MuiGrid-root MuiGrid-container MuiGrid-direction-xs-column MuiGrid-wrap-xs-nowrap makeStyles-container-1 css-19kb62l-MuiGrid-root"
  >
    <div
      className="MuiGrid-root MuiGrid-item css-13i4rnv-MuiGrid-root"
    >
      <img
        alt="illustration"
        src="/assets/illustrations/illustration3.png"
      />
    </div>
    <div
      className="MuiGrid-root MuiGrid-item css-13i4rnv-MuiGrid-root"
    >
      <h2
        className="MuiTypography-root MuiTypography-h2 makeStyles-text-2 css-1sra7t5-MuiTypography-root"
      >
        descreption
      </h2>
    </div>
  </div>
</div>
`;
