// Jest Snapshot v1, https://goo.gl/fbAQLP

exports[`AQIIndex renders correctly 1`] = `
<div
  className="MuiGrid-root MuiGrid-container MuiGrid-direction-xs-column MuiGrid-wrap-xs-nowrap makeStyles-container-1 css-19kb62l-MuiGrid-root"
>
  <div
    className="MuiGrid-root MuiGrid-item makeStyles-aqi-2 css-13i4rnv-MuiGrid-root"
  >
    <span
      className="MuiTypography-root MuiTypography-body3 makeStyles-innerText-3 css-37jdci-MuiTypography-root"
    >
      900
    </span>
  </div>
  <div
    className="MuiGrid-root MuiGrid-item makeStyles-text-4 css-13i4rnv-MuiGrid-root"
  >
    <h2
      className="MuiTypography-root MuiTypography-h2 css-1sra7t5-MuiTypography-root"
    >
      descreption
    </h2>
  </div>
</div>
`;
