// Jest Snapshot v1, https://goo.gl/fbAQLP

exports[`AQIIndexGroup renders correctly 1`] = `
<div
  className="MuiGrid-root MuiGrid-container makeStyles-container-1 css-11lq3yg-MuiGrid-root"
>
  <div
    className="MuiGrid-root MuiGrid-item makeStyles-aqi-2 css-13i4rnv-MuiGrid-root"
  >
    <span
      className="MuiTypography-root MuiTypography-body3 makeStyles-innerText-3 css-37jdci-MuiTypography-root"
    >
      894
    </span>
  </div>
  <div
    className="MuiGrid-root MuiGrid-item makeStyles-item-5 css-13i4rnv-MuiGrid-root"
  >
    <h3
      className="MuiTypography-root MuiTypography-h3 makeStyles-text-4 css-gepadz-MuiTypography-root"
    >
      Delhi
    </h3>
  </div>
</div>
`;
